Archive member included to satisfy reference by file (symbol)

D:/STM32CubeCLT_1.16.0/GNU-tools-for-STM32/bin/../lib/gcc/arm-none-eabi/12.3.1/thumb/v7-m/nofp\libgcc.a(_arm_muldf3.o)
                              CMakeFiles/freertostest.elf.dir/oled/OLED.c.obj (__aeabi_dmul)
D:/STM32CubeCLT_1.16.0/GNU-tools-for-STM32/bin/../lib/gcc/arm-none-eabi/12.3.1/thumb/v7-m/nofp\libgcc.a(_arm_addsubdf3.o)
                              CMakeFiles/freertostest.elf.dir/oled/OLED.c.obj (__aeabi_dsub)
D:/STM32CubeCLT_1.16.0/GNU-tools-for-STM32/bin/../lib/gcc/arm-none-eabi/12.3.1/thumb/v7-m/nofp\libgcc.a(_arm_muldivdf3.o)
                              CMakeFiles/freertostest.elf.dir/oled/OLED.c.obj (__aeabi_ddiv)
D:/STM32CubeCLT_1.16.0/GNU-tools-for-STM32/bin/../lib/gcc/arm-none-eabi/12.3.1/thumb/v7-m/nofp\libgcc.a(_arm_cmpdf2.o)
                              CMakeFiles/freertostest.elf.dir/oled/OLED.c.obj (__aeabi_dcmplt)
D:/STM32CubeCLT_1.16.0/GNU-tools-for-STM32/bin/../lib/gcc/arm-none-eabi/12.3.1/thumb/v7-m/nofp\libgcc.a(_arm_fixdfsi.o)
                              CMakeFiles/freertostest.elf.dir/oled/OLED.c.obj (__aeabi_d2iz)
D:/STM32CubeCLT_1.16.0/GNU-tools-for-STM32/bin/../lib/gcc/arm-none-eabi/12.3.1/thumb/v7-m/nofp\libgcc.a(_arm_fixunsdfsi.o)
                              CMakeFiles/freertostest.elf.dir/oled/OLED.c.obj (__aeabi_d2uiz)
D:/STM32CubeCLT_1.16.0/GNU-tools-for-STM32/bin/../lib/gcc/arm-none-eabi/12.3.1/thumb/v7-m/nofp\libgcc.a(_arm_truncdfsf2.o)
                              CMakeFiles/freertostest.elf.dir/oled/OLED.c.obj (__aeabi_d2f)
D:/STM32CubeCLT_1.16.0/GNU-tools-for-STM32/bin/../lib/gcc/arm-none-eabi/12.3.1/thumb/v7-m/nofp\libgcc.a(_arm_addsubsf3.o)
                              CMakeFiles/freertostest.elf.dir/oled/OLED.c.obj (__aeabi_fadd)
D:/STM32CubeCLT_1.16.0/GNU-tools-for-STM32/bin/../lib/gcc/arm-none-eabi/12.3.1/thumb/v7-m/nofp\libgcc.a(_arm_cmpsf2.o)
                              CMakeFiles/freertostest.elf.dir/oled/OLED.c.obj (__aeabi_fcmple)
D:/STM32CubeCLT_1.16.0/GNU-tools-for-STM32/bin/../lib/gcc/arm-none-eabi/12.3.1/../../../../arm-none-eabi/lib/thumb/v7-m/nofp\libc.a(libc_a-exit.o)
                              D:/STM32CubeCLT_1.16.0/GNU-tools-for-STM32/bin/../lib/gcc/arm-none-eabi/12.3.1/../../../../arm-none-eabi/lib/thumb/v7-m/nofp/crt0.o (exit)
D:/STM32CubeCLT_1.16.0/GNU-tools-for-STM32/bin/../lib/gcc/arm-none-eabi/12.3.1/../../../../arm-none-eabi/lib/thumb/v7-m/nofp\libc.a(libc_a-findfp.o)
                              D:/STM32CubeCLT_1.16.0/GNU-tools-for-STM32/bin/../lib/gcc/arm-none-eabi/12.3.1/../../../../arm-none-eabi/lib/thumb/v7-m/nofp\libc.a(libc_a-exit.o) (__stdio_exit_handler)
D:/STM32CubeCLT_1.16.0/GNU-tools-for-STM32/bin/../lib/gcc/arm-none-eabi/12.3.1/../../../../arm-none-eabi/lib/thumb/v7-m/nofp\libc.a(libc_a-fwalk.o)
                              D:/STM32CubeCLT_1.16.0/GNU-tools-for-STM32/bin/../lib/gcc/arm-none-eabi/12.3.1/../../../../arm-none-eabi/lib/thumb/v7-m/nofp\libc.a(libc_a-findfp.o) (_fwalk_sglue)
D:/STM32CubeCLT_1.16.0/GNU-tools-for-STM32/bin/../lib/gcc/arm-none-eabi/12.3.1/../../../../arm-none-eabi/lib/thumb/v7-m/nofp\libc.a(libc_a-stdio.o)
                              D:/STM32CubeCLT_1.16.0/GNU-tools-for-STM32/bin/../lib/gcc/arm-none-eabi/12.3.1/../../../../arm-none-eabi/lib/thumb/v7-m/nofp\libc.a(libc_a-findfp.o) (__sread)
D:/STM32CubeCLT_1.16.0/GNU-tools-for-STM32/bin/../lib/gcc/arm-none-eabi/12.3.1/../../../../arm-none-eabi/lib/thumb/v7-m/nofp\libc.a(libc_a-vsprintf.o)
                              CMakeFiles/freertostest.elf.dir/oled/OLED.c.obj (vsprintf)
D:/STM32CubeCLT_1.16.0/GNU-tools-for-STM32/bin/../lib/gcc/arm-none-eabi/12.3.1/../../../../arm-none-eabi/lib/thumb/v7-m/nofp\libc.a(libc_a-memset.o)
                              D:/STM32CubeCLT_1.16.0/GNU-tools-for-STM32/bin/../lib/gcc/arm-none-eabi/12.3.1/../../../../arm-none-eabi/lib/thumb/v7-m/nofp/crt0.o (memset)
D:/STM32CubeCLT_1.16.0/GNU-tools-for-STM32/bin/../lib/gcc/arm-none-eabi/12.3.1/../../../../arm-none-eabi/lib/thumb/v7-m/nofp\libc.a(libc_a-closer.o)
                              D:/STM32CubeCLT_1.16.0/GNU-tools-for-STM32/bin/../lib/gcc/arm-none-eabi/12.3.1/../../../../arm-none-eabi/lib/thumb/v7-m/nofp\libc.a(libc_a-stdio.o) (_close_r)
D:/STM32CubeCLT_1.16.0/GNU-tools-for-STM32/bin/../lib/gcc/arm-none-eabi/12.3.1/../../../../arm-none-eabi/lib/thumb/v7-m/nofp\libc.a(libc_a-reent.o)
                              D:/STM32CubeCLT_1.16.0/GNU-tools-for-STM32/bin/../lib/gcc/arm-none-eabi/12.3.1/../../../../arm-none-eabi/lib/thumb/v7-m/nofp\libc.a(libc_a-closer.o) (errno)
D:/STM32CubeCLT_1.16.0/GNU-tools-for-STM32/bin/../lib/gcc/arm-none-eabi/12.3.1/../../../../arm-none-eabi/lib/thumb/v7-m/nofp\libc.a(libc_a-impure.o)
                              D:/STM32CubeCLT_1.16.0/GNU-tools-for-STM32/bin/../lib/gcc/arm-none-eabi/12.3.1/../../../../arm-none-eabi/lib/thumb/v7-m/nofp\libc.a(libc_a-vsprintf.o) (_impure_ptr)
[...]
Memory Configuration

Name             Origin             Length             Attributes
RAM              0x20000000         0x00005000         xrw
FLASH            0x08000000         0x00010000         xr
*default*        0x00000000         0xffffffff

Linker script and memory map

LOAD D:/STM32CubeCLT_1.16.0/GNU-tools-for-STM32/bin/../lib/gcc/arm-none-eabi/12.3.1/thumb/v7-m/nofp/crti.o
LOAD D:/STM32CubeCLT_1.16.0/GNU-tools-for-STM32/bin/../lib/gcc/arm-none-eabi/12.3.1/thumb/v7-m/nofp/crtbegin.o
LOAD D:/STM32CubeCLT_1.16.0/GNU-tools-for-STM32/bin/../lib/gcc/arm-none-eabi/12.3.1/../../../../arm-none-eabi/lib/thumb/v7-m/nofp/crt0.o
LOAD CMakeFiles/freertostest.elf.dir/Core/Src/freertos.c.obj
LOAD CMakeFiles/freertostest.elf.dir/Core/Src/gpio.c.obj
LOAD CMakeFiles/freertostest.elf.dir/Core/Src/main.c.obj
LOAD CMakeFiles/freertostest.elf.dir/Core/Src/stm32f1xx_hal_msp.c.obj
LOAD CMakeFiles/freertostest.elf.dir/Core/Src/stm32f1xx_it.c.obj
LOAD CMakeFiles/freertostest.elf.dir/Core/Src/syscalls.c.obj
LOAD CMakeFiles/freertostest.elf.dir/Core/Src/sysmem.c.obj
LOAD CMakeFiles/freertostest.elf.dir/Core/Src/system_stm32f1xx.c.obj
LOAD CMakeFiles/freertostest.elf.dir/Core/Startup/startup_stm32f103c8tx.s.obj
LOAD CMakeFiles/freertostest.elf.dir/Drivers/STM32F1xx_HAL_Driver/Src/stm32f1xx_hal.c.obj
LOAD CMakeFiles/freertostest.elf.dir/Drivers/STM32F1xx_HAL_Driver/Src/stm32f1xx_hal_cortex.c.obj
LOAD CMakeFiles/freertostest.elf.dir/Drivers/STM32F1xx_HAL_Driver/Src/stm32f1xx_hal_dma.c.obj
LOAD CMakeFiles/freertostest.elf.dir/Drivers/STM32F1xx_HAL_Driver/Src/stm32f1xx_hal_exti.c.obj
LOAD CMakeFiles/freertostest.elf.dir/Drivers/STM32F1xx_HAL_Driver/Src/stm32f1xx_hal_flash.c.obj
LOAD CMakeFiles/freertostest.elf.dir/Drivers/STM32F1xx_HAL_Driver/Src/stm32f1xx_hal_flash_ex.c.obj
LOAD CMakeFiles/freertostest.elf.dir/Drivers/STM32F1xx_HAL_Driver/Src/stm32f1xx_hal_gpio.c.obj
LOAD CMakeFiles/freertostest.elf.dir/Drivers/STM32F1xx_HAL_Driver/Src/stm32f1xx_hal_gpio_ex.c.obj
LOAD CMakeFiles/freertostest.elf.dir/Drivers/STM32F1xx_HAL_Driver/Src/stm32f1xx_hal_pwr.c.obj
LOAD CMakeFiles/freertostest.elf.dir/Drivers/STM32F1xx_HAL_Driver/Src/stm32f1xx_hal_rcc.c.obj
LOAD CMakeFiles/freertostest.elf.dir/Drivers/STM32F1xx_HAL_Driver/Src/stm32f1xx_hal_rcc_ex.c.obj
LOAD CMakeFiles/freertostest.elf.dir/Drivers/STM32F1xx_HAL_Driver/Src/stm32f1xx_hal_tim.c.obj
LOAD CMakeFiles/freertostest.elf.dir/Drivers/STM32F1xx_HAL_Driver/Src/stm32f1xx_hal_tim_ex.c.obj
LOAD CMakeFiles/freertostest.elf.dir/Middlewares/Third_Party/FreeRTOS/Source/CMSIS_RTOS/cmsis_os.c.obj
LOAD CMakeFiles/freertostest.elf.dir/Middlewares/Third_Party/FreeRTOS/Source/croutine.c.obj
LOAD CMakeFiles/freertostest.elf.dir/Middlewares/Third_Party/FreeRTOS/Source/event_groups.c.obj
LOAD CMakeFiles/freertostest.elf.dir/Middlewares/Third_Party/FreeRTOS/Source/list.c.obj
LOAD CMakeFiles/freertostest.elf.dir/Middlewares/Third_Party/FreeRTOS/Source/portable/GCC/ARM_CM3/port.c.obj
LOAD CMakeFiles/freertostest.elf.dir/Middlewares/Third_Party/FreeRTOS/Source/portable/MemMang/heap_4.c.obj
LOAD CMakeFiles/freertostest.elf.dir/Middlewares/Third_Party/FreeRTOS/Source/queue.c.obj
LOAD CMakeFiles/freertostest.elf.dir/Middlewares/Third_Party/FreeRTOS/Source/stream_buffer.c.obj
LOAD CMakeFiles/freertostest.elf.dir/Middlewares/Third_Party/FreeRTOS/Source/tasks.c.obj
LOAD CMakeFiles/freertostest.elf.dir/Middlewares/Third_Party/FreeRTOS/Source/timers.c.obj
LOAD CMakeFiles/freertostest.elf.dir/oled/OLED.c.obj
LOAD CMakeFiles/freertostest.elf.dir/oled/OLED_Data.c.obj
START GROUP
LOAD D:/STM32CubeCLT_1.16.0/GNU-tools-for-STM32/bin/../lib/gcc/arm-none-eabi/12.3.1/thumb/v7-m/nofp\libgcc.a
LOAD D:/STM32CubeCLT_1.16.0/GNU-tools-for-STM32/bin/../lib/gcc/arm-none-eabi/12.3.1/../../../../arm-none-eabi/lib/thumb/v7-m/nofp\libc.a
END GROUP
LOAD D:/STM32CubeCLT_1.16.0/GNU-tools-for-STM32/bin/../lib/gcc/arm-none-eabi/12.3.1/thumb/v7-m/nofp/crtend.o
LOAD D:/STM32CubeCLT_1.16.0/GNU-tools-for-STM32/bin/../lib/gcc/arm-none-eabi/12.3.1/thumb/v7-m/nofp/crtn.o
                0x20005000                        _estack = (ORIGIN (RAM) + LENGTH (RAM))
                0x00000200                        _Min_Heap_Size = 0x200
                0x00000400                        _Min_Stack_Size = 0x400

.isr_vector     0x08000000      0x10c
                0x08000000                        . = ALIGN (0x4)
 *(.isr_vector)
 .isr_vector    0x08000000      0x10c CMakeFiles/freertostest.elf.dir/Core/Startup/startup_stm32f103c8tx.s.obj
                0x08000000                g_pfnVectors
                0x0800010c                        . = ALIGN (0x4)

.text           0x08000110     0x2084
                0x08000110                        . = ALIGN (0x4)
 *(.text)
 .text          0x08000110       0x40 D:/STM32CubeCLT_1.16.0/GNU-tools-for-STM32/bin/../lib/gcc/arm-none-eabi/12.3.1/thumb/v7-m/nofp/crtbegin.o
 .text          0x08000150       0x14 D:/STM32CubeCLT_1.16.0/GNU-tools-for-STM32/bin/../lib/gcc/arm-none-eabi/12.3.1/../../../../arm-none-eabi/lib/thumb/v7-m/nofp\libc.a(libc_a-strcmp.o)
                0x08000150                strcmp
 *(.text*)
 .text.StartDefaultTask
                0x08000164        0xa CMakeFiles/freertostest.elf.dir/Core/Src/freertos.c.obj
                0x08000164                StartDefaultTask
 *fill*         0x0800016e        0x2 
 .text.vApplicationGetIdleTaskMemory
                0x08000170       0x18 CMakeFiles/freertostest.elf.dir/Core/Src/freertos.c.obj
                0x08000170                vApplicationGetIdleTaskMemory
 .text.MX_FREERTOS_Init
                0x08000188       0x30 CMakeFiles/freertostest.elf.dir/Core/Src/freertos.c.obj
                0x08000188                MX_FREERTOS_Init
 .text.MX_GPIO_Init
                0x080001b8       0x78 CMakeFiles/freertostest.elf.dir/Core/Src/gpio.c.obj
                0x080001b8                MX_GPIO_Init
 .text.DisplayTask
                0x08000230       0x34 CMakeFiles/freertostest.elf.dir/Core/Src/main.c.obj
                0x08000230                DisplayTask
 .text.Error_Handler
                0x08000264        0x4 CMakeFiles/freertostest.elf.dir/Core/Src/main.c.obj
                0x08000264                Error_Handler
 .text.SystemClock_Config
                0x08000268       0x52 CMakeFiles/freertostest.elf.dir/Core/Src/main.c.obj
                0x08000268                SystemClock_Config
 *fill*         0x080002ba        0x2 
 .text.main     0x080002bc       0x3c CMakeFiles/freertostest.elf.dir/Core/Src/main.c.obj
                0x080002bc                main
 .text.HAL_MspInit
                0x080002f8       0x54 CMakeFiles/freertostest.elf.dir/Core/Src/stm32f1xx_hal_msp.c.obj
                0x080002f8                HAL_MspInit
 .text.NMI_Handler
                0x0800034c        0x2 CMakeFiles/freertostest.elf.dir/Core/Src/stm32f1xx_it.c.obj
                0x0800034c                NMI_Handler
 .text.HardFault_Handler
                0x0800034e        0x2 CMakeFiles/freertostest.elf.dir/Core/Src/stm32f1xx_it.c.obj
                0x0800034e                HardFault_Handler
 .text.MemManage_Handler
                0x08000350        0x2 CMakeFiles/freertostest.elf.dir/Core/Src/stm32f1xx_it.c.obj
                0x08000350                MemManage_Handler
 .text.BusFault_Handler
                0x08000352        0x2 CMakeFiles/freertostest.elf.dir/Core/Src/stm32f1xx_it.c.obj
                0x08000352                BusFault_Handler
 .text.UsageFault_Handler
                0x08000354        0x2 CMakeFiles/freertostest.elf.dir/Core/Src/stm32f1xx_it.c.obj
                0x08000354                UsageFault_Handler
 .text.DebugMon_Handler
                0x08000356        0x2 CMakeFiles/freertostest.elf.dir/Core/Src/stm32f1xx_it.c.obj
                0x08000356                DebugMon_Handler
 .text.SysTick_Handler
                0x08000358       0x16 CMakeFiles/freertostest.elf.dir/Core/Src/stm32f1xx_it.c.obj
                0x08000358                SysTick_Handler
 .text.SystemInit
                0x0800036e        0x2 CMakeFiles/freertostest.elf.dir/Core/Src/system_stm32f1xx.c.obj
                0x0800036e                SystemInit
 .text.Reset_Handler
                0x08000370       0x48 CMakeFiles/freertostest.elf.dir/Core/Startup/startup_stm32f103c8tx.s.obj
                0x08000370                Reset_Handler
 .text.Default_Handler
                0x080003b8        0x2 CMakeFiles/freertostest.elf.dir/Core/Startup/startup_stm32f103c8tx.s.obj
                0x080003b8                RTC_Alarm_IRQHandler
                0x080003b8                EXTI2_IRQHandler
                0x080003b8                TIM1_CC_IRQHandler
                0x080003b8                PVD_IRQHandler
                0x080003b8                EXTI3_IRQHandler
                0x080003b8                EXTI0_IRQHandler
                0x080003b8                I2C2_EV_IRQHandler
                0x080003b8                ADC1_2_IRQHandler
                0x080003b8                SPI1_IRQHandler
                0x080003b8                TAMPER_IRQHandler
                0x080003b8                DMA1_Channel4_IRQHandler
                0x080003b8                USART3_IRQHandler
                0x080003b8                RTC_IRQHandler
                0x080003b8                DMA1_Channel7_IRQHandler
                0x080003b8                CAN1_RX1_IRQHandler
                0x080003b8                TIM4_IRQHandler
                0x080003b8                I2C1_EV_IRQHandler
                0x080003b8                DMA1_Channel6_IRQHandler
                0x080003b8                TIM3_IRQHandler
                0x080003b8                RCC_IRQHandler
                0x080003b8                TIM1_TRG_COM_IRQHandler
                0x080003b8                DMA1_Channel1_IRQHandler
                0x080003b8                Default_Handler
                0x080003b8                EXTI15_10_IRQHandler
                0x080003b8                EXTI9_5_IRQHandler
                0x080003b8                SPI2_IRQHandler
                0x080003b8                DMA1_Channel5_IRQHandler
                0x080003b8                EXTI4_IRQHandler
                0x080003b8                USB_LP_CAN1_RX0_IRQHandler
                0x080003b8                USB_HP_CAN1_TX_IRQHandler
                0x080003b8                DMA1_Channel3_IRQHandler
                0x080003b8                TIM1_UP_IRQHandler
                0x080003b8                WWDG_IRQHandler
                0x080003b8                TIM2_IRQHandler
                0x080003b8                TIM1_BRK_IRQHandler
                0x080003b8                EXTI1_IRQHandler
                0x080003b8                USART2_IRQHandler
                0x080003b8                I2C2_ER_IRQHandler
                0x080003b8                DMA1_Channel2_IRQHandler
                0x080003b8                CAN1_SCE_IRQHandler
                0x080003b8                FLASH_IRQHandler
                0x080003b8                USART1_IRQHandler
                0x080003b8                I2C1_ER_IRQHandler
                0x080003b8                USBWakeUp_IRQHandler
 *fill*         0x080003ba        0x2 
 .text.HAL_InitTick
                0x080003bc       0x4c CMakeFiles/freertostest.elf.dir/Drivers/STM32F1xx_HAL_Driver/Src/stm32f1xx_hal.c.obj
                0x080003bc                HAL_InitTick
 .text.HAL_Init
                0x08000408       0x24 CMakeFiles/freertostest.elf.dir/Drivers/STM32F1xx_HAL_Driver/Src/stm32f1xx_hal.c.obj
                0x08000408                HAL_Init
 .text.HAL_IncTick
                0x0800042c       0x18 CMakeFiles/freertostest.elf.dir/Drivers/STM32F1xx_HAL_Driver/Src/stm32f1xx_hal.c.obj
                0x0800042c                HAL_IncTick
 .text.HAL_GetTick
                0x08000444        0xc CMakeFiles/freertostest.elf.dir/Drivers/STM32F1xx_HAL_Driver/Src/stm32f1xx_hal.c.obj
                0x08000444                HAL_GetTick
 .text.__NVIC_SetPriority
                0x08000450       0x28 CMakeFiles/freertostest.elf.dir/Drivers/STM32F1xx_HAL_Driver/Src/stm32f1xx_hal_cortex.c.obj
 .text.NVIC_EncodePriority
                0x08000478       0x3e CMakeFiles/freertostest.elf.dir/Drivers/STM32F1xx_HAL_Driver/Src/stm32f1xx_hal_cortex.c.obj
 *fill*         0x080004b6        0x2 
 .text.HAL_NVIC_SetPriorityGrouping
                0x080004b8       0x24 CMakeFiles/freertostest.elf.dir/Drivers/STM32F1xx_HAL_Driver/Src/stm32f1xx_hal_cortex.c.obj
                0x080004b8                HAL_NVIC_SetPriorityGrouping
 .text.HAL_NVIC_SetPriority
                0x080004dc       0x20 CMakeFiles/freertostest.elf.dir/Drivers/STM32F1xx_HAL_Driver/Src/stm32f1xx_hal_cortex.c.obj
                0x080004dc                HAL_NVIC_SetPriority
 .text.HAL_SYSTICK_Config
                0x080004fc       0x28 CMakeFiles/freertostest.elf.dir/Drivers/STM32F1xx_HAL_Driver/Src/stm32f1xx_hal_cortex.c.obj
                0x080004fc                HAL_SYSTICK_Config
 .text.HAL_GPIO_Init
                0x08000524      0x21c CMakeFiles/freertostest.elf.dir/Drivers/STM32F1xx_HAL_Driver/Src/stm32f1xx_hal_gpio.c.obj
                0x08000524                HAL_GPIO_Init
 .text.HAL_GPIO_WritePin
                0x08000740        0xc CMakeFiles/freertostest.elf.dir/Drivers/STM32F1xx_HAL_Driver/Src/stm32f1xx_hal_gpio.c.obj
                0x08000740                HAL_GPIO_WritePin
 .text.RCC_Delay
                0x0800074c       0x2c CMakeFiles/freertostest.elf.dir/Drivers/STM32F1xx_HAL_Driver/Src/stm32f1xx_hal_rcc.c.obj
 .text.HAL_RCC_OscConfig
                0x08000778      0x410 CMakeFiles/freertostest.elf.dir/Drivers/STM32F1xx_HAL_Driver/Src/stm32f1xx_hal_rcc.c.obj
                0x08000778                HAL_RCC_OscConfig
 .text.HAL_RCC_GetSysClockFreq
                0x08000b88       0x54 CMakeFiles/freertostest.elf.dir/Drivers/STM32F1xx_HAL_Driver/Src/stm32f1xx_hal_rcc.c.obj
                0x08000b88                HAL_RCC_GetSysClockFreq
 .text.HAL_RCC_ClockConfig
                0x08000bdc      0x16c CMakeFiles/freertostest.elf.dir/Drivers/STM32F1xx_HAL_Driver/Src/stm32f1xx_hal_rcc.c.obj
                0x08000bdc                HAL_RCC_ClockConfig
 .text.makeFreeRtosPriority
                0x08000d48        0xc CMakeFiles/freertostest.elf.dir/Middlewares/Third_Party/FreeRTOS/Source/CMSIS_RTOS/cmsis_os.c.obj
 .text.osKernelStart
                0x08000d54        0xa CMakeFiles/freertostest.elf.dir/Middlewares/Third_Party/FreeRTOS/Source/CMSIS_RTOS/cmsis_os.c.obj
                0x08000d54                osKernelStart
 .text.osThreadCreate
                0x08000d5e       0x66 CMakeFiles/freertostest.elf.dir/Middlewares/Third_Party/FreeRTOS/Source/CMSIS_RTOS/cmsis_os.c.obj
                0x08000d5e                osThreadCreate
 .text.osDelay  0x08000dc4        0xe CMakeFiles/freertostest.elf.dir/Middlewares/Third_Party/FreeRTOS/Source/CMSIS_RTOS/cmsis_os.c.obj
                0x08000dc4                osDelay
 .text.vListInitialise
                0x08000dd2       0x16 CMakeFiles/freertostest.elf.dir/Middlewares/Third_Party/FreeRTOS/Source/list.c.obj
                0x08000dd2                vListInitialise
 .text.vListInitialiseItem
                0x08000de8        0x6 CMakeFiles/freertostest.elf.dir/Middlewares/Third_Party/FreeRTOS/Source/list.c.obj
                0x08000de8                vListInitialiseItem
 .text.vListInsertEnd
                0x08000dee       0x16 CMakeFiles/freertostest.elf.dir/Middlewares/Third_Party/FreeRTOS/Source/list.c.obj
                0x08000dee                vListInsertEnd
 .text.vListInsert
                0x08000e04       0x32 CMakeFiles/freertostest.elf.dir/Middlewares/Third_Party/FreeRTOS/Source/list.c.obj
                0x08000e04                vListInsert
 .text.uxListRemove
                0x08000e36       0x26 CMakeFiles/freertostest.elf.dir/Middlewares/Third_Party/FreeRTOS/Source/list.c.obj
                0x08000e36                uxListRemove
 .text.prvTaskExitError
                0x08000e5c       0x40 CMakeFiles/freertostest.elf.dir/Middlewares/Third_Party/FreeRTOS/Source/portable/GCC/ARM_CM3/port.c.obj
 .text.prvPortStartFirstTask
                0x08000e9c       0x20 CMakeFiles/freertostest.elf.dir/Middlewares/Third_Party/FreeRTOS/Source/portable/GCC/ARM_CM3/port.c.obj
 .text.pxPortInitialiseStack
                0x08000ebc       0x24 CMakeFiles/freertostest.elf.dir/Middlewares/Third_Party/FreeRTOS/Source/portable/GCC/ARM_CM3/port.c.obj
                0x08000ebc                pxPortInitialiseStack
 .text.SVC_Handler
                0x08000ee0       0x24 CMakeFiles/freertostest.elf.dir/Middlewares/Third_Party/FreeRTOS/Source/portable/GCC/ARM_CM3/port.c.obj
                0x08000ee0                SVC_Handler
 .text.vPortEnterCritical
                0x08000f04       0x44 CMakeFiles/freertostest.elf.dir/Middlewares/Third_Party/FreeRTOS/Source/portable/GCC/ARM_CM3/port.c.obj
                0x08000f04                vPortEnterCritical
 .text.vPortExitCritical
                0x08000f48       0x2c CMakeFiles/freertostest.elf.dir/Middlewares/Third_Party/FreeRTOS/Source/portable/GCC/ARM_CM3/port.c.obj
                0x08000f48                vPortExitCritical
 *fill*         0x08000f74        0xc 
 .text.PendSV_Handler
                0x08000f80       0x44 CMakeFiles/freertostest.elf.dir/Middlewares/Third_Party/FreeRTOS/Source/portable/GCC/ARM_CM3/port.c.obj
                0x08000f80                PendSV_Handler
 .text.xPortSysTickHandler
                0x08000fc4       0x2c CMakeFiles/freertostest.elf.dir/Middlewares/Third_Party/FreeRTOS/Source/portable/GCC/ARM_CM3/port.c.obj
                0x08000fc4                xPortSysTickHandler
 .text.vPortSetupTimerInterrupt
                0x08000ff0       0x28 CMakeFiles/freertostest.elf.dir/Middlewares/Third_Party/FreeRTOS/Source/portable/GCC/ARM_CM3/port.c.obj
                0x08000ff0                vPortSetupTimerInterrupt
 .text.xPortStartScheduler
                0x08001018       0xc0 CMakeFiles/freertostest.elf.dir/Middlewares/Third_Party/FreeRTOS/Source/portable/GCC/ARM_CM3/port.c.obj
                0x08001018                xPortStartScheduler
 .text.prvHeapInit
                0x080010d8       0x64 CMakeFiles/freertostest.elf.dir/Middlewares/Third_Party/FreeRTOS/Source/portable/MemMang/heap_4.c.obj
 .text.prvInsertBlockIntoFreeList
                0x0800113c       0x60 CMakeFiles/freertostest.elf.dir/Middlewares/Third_Party/FreeRTOS/Source/portable/MemMang/heap_4.c.obj
 .text.pvPortMalloc
                0x0800119c      0x104 CMakeFiles/freertostest.elf.dir/Middlewares/Third_Party/FreeRTOS/Source/portable/MemMang/heap_4.c.obj
                0x0800119c                pvPortMalloc
 .text.vPortFree
                0x080012a0       0x7c CMakeFiles/freertostest.elf.dir/Middlewares/Third_Party/FreeRTOS/Source/portable/MemMang/heap_4.c.obj
                0x080012a0                vPortFree
 .text.prvResetNextTaskUnblockTime
                0x0800131c       0x2c CMakeFiles/freertostest.elf.dir/Middlewares/Third_Party/FreeRTOS/Source/tasks.c.obj
 .text.prvInitialiseNewTask
                0x08001348       0x9c CMakeFiles/freertostest.elf.dir/Middlewares/Third_Party/FreeRTOS/Source/tasks.c.obj
 .text.prvInitialiseTaskLists
                0x080013e4       0x68 CMakeFiles/freertostest.elf.dir/Middlewares/Third_Party/FreeRTOS/Source/tasks.c.obj
 .text.prvAddNewTaskToReadyList
                0x0800144c       0xa8 CMakeFiles/freertostest.elf.dir/Middlewares/Third_Party/FreeRTOS/Source/tasks.c.obj
 .text.prvDeleteTCB
                0x080014f4       0x38 CMakeFiles/freertostest.elf.dir/Middlewares/Third_Party/FreeRTOS/Source/tasks.c.obj
 .text.prvCheckTasksWaitingTermination
                0x0800152c       0x4c CMakeFiles/freertostest.elf.dir/Middlewares/Third_Party/FreeRTOS/Source/tasks.c.obj
 .text.prvIdleTask
                0x08001578       0x28 CMakeFiles/freertostest.elf.dir/Middlewares/Third_Party/FreeRTOS/Source/tasks.c.obj
 .text.prvAddCurrentTaskToDelayedList
                0x080015a0       0x98 CMakeFiles/freertostest.elf.dir/Middlewares/Third_Party/FreeRTOS/Source/tasks.c.obj
 .text.xTaskCreateStatic
                0x08001638       0x76 CMakeFiles/freertostest.elf.dir/Middlewares/Third_Party/FreeRTOS/Source/tasks.c.obj
                0x08001638                xTaskCreateStatic
 .text.xTaskCreate
                0x080016ae       0x64 CMakeFiles/freertostest.elf.dir/Middlewares/Third_Party/FreeRTOS/Source/tasks.c.obj
                0x080016ae                xTaskCreate
 *fill*         0x08001712        0x2 
 .text.vTaskStartScheduler
                0x08001714       0x74 CMakeFiles/freertostest.elf.dir/Middlewares/Third_Party/FreeRTOS/Source/tasks.c.obj
                0x08001714                vTaskStartScheduler
 .text.vTaskSuspendAll
                0x08001788       0x10 CMakeFiles/freertostest.elf.dir/Middlewares/Third_Party/FreeRTOS/Source/tasks.c.obj
                0x08001788                vTaskSuspendAll
 .text.xTaskIncrementTick
                0x08001798      0x118 CMakeFiles/freertostest.elf.dir/Middlewares/Third_Party/FreeRTOS/Source/tasks.c.obj
                0x08001798                xTaskIncrementTick
 .text.xTaskResumeAll
                0x080018b0       0xf8 CMakeFiles/freertostest.elf.dir/Middlewares/Third_Party/FreeRTOS/Source/tasks.c.obj
                0x080018b0                xTaskResumeAll
 .text.vTaskDelay
                0x080019a8       0x4c CMakeFiles/freertostest.elf.dir/Middlewares/Third_Party/FreeRTOS/Source/tasks.c.obj
                0x080019a8                vTaskDelay
 .text.vTaskSwitchContext
                0x080019f4       0x98 CMakeFiles/freertostest.elf.dir/Middlewares/Third_Party/FreeRTOS/Source/tasks.c.obj
                0x080019f4                vTaskSwitchContext
 .text.xTaskGetSchedulerState
                0x08001a8c       0x20 CMakeFiles/freertostest.elf.dir/Middlewares/Third_Party/FreeRTOS/Source/tasks.c.obj
                0x08001a8c                xTaskGetSchedulerState
 .text.OLED_W_SCL
                0x08001aac       0x24 CMakeFiles/freertostest.elf.dir/oled/OLED.c.obj
                0x08001aac                OLED_W_SCL
 .text.OLED_W_SDA
                0x08001ad0       0x24 CMakeFiles/freertostest.elf.dir/oled/OLED.c.obj
                0x08001ad0                OLED_W_SDA
 .text.OLED_GPIO_Init
                0x08001af4       0x78 CMakeFiles/freertostest.elf.dir/oled/OLED.c.obj
                0x08001af4                OLED_GPIO_Init
 .text.OLED_I2C_Start
                0x08001b6c       0x1c CMakeFiles/freertostest.elf.dir/oled/OLED.c.obj
                0x08001b6c                OLED_I2C_Start
 .text.OLED_I2C_Stop
                0x08001b88       0x16 CMakeFiles/freertostest.elf.dir/oled/OLED.c.obj
                0x08001b88                OLED_I2C_Stop
 .text.OLED_I2C_SendByte
                0x08001b9e       0x3a CMakeFiles/freertostest.elf.dir/oled/OLED.c.obj
                0x08001b9e                OLED_I2C_SendByte
 .text.OLED_WriteCommand
                0x08001bd8       0x20 CMakeFiles/freertostest.elf.dir/oled/OLED.c.obj
                0x08001bd8                OLED_WriteCommand
 .text.OLED_WriteData
                0x08001bf8       0x2e CMakeFiles/freertostest.elf.dir/oled/OLED.c.obj
                0x08001bf8                OLED_WriteData
 .text.OLED_SetCursor
                0x08001c26       0x20 CMakeFiles/freertostest.elf.dir/oled/OLED.c.obj
                0x08001c26                OLED_SetCursor
 *fill*         0x08001c46        0x2 
 .text.OLED_Update
                0x08001c48       0x28 CMakeFiles/freertostest.elf.dir/oled/OLED.c.obj
                0x08001c48                OLED_Update
 .text.OLED_Clear
                0x08001c70       0x2c CMakeFiles/freertostest.elf.dir/oled/OLED.c.obj
                0x08001c70                OLED_Clear
 .text.OLED_Init
                0x08001c9c       0x9a CMakeFiles/freertostest.elf.dir/oled/OLED.c.obj
                0x08001c9c                OLED_Init
 *fill*         0x08001d36        0x2 
 .text.OLED_ClearArea
                0x08001d38       0x88 CMakeFiles/freertostest.elf.dir/oled/OLED.c.obj
                0x08001d38                OLED_ClearArea
 .text.OLED_ShowImage
                0x08001dc0       0xdc CMakeFiles/freertostest.elf.dir/oled/OLED.c.obj
                0x08001dc0                OLED_ShowImage
 .text.OLED_ShowChar
                0x08001e9c       0x48 CMakeFiles/freertostest.elf.dir/oled/OLED.c.obj
                0x08001e9c                OLED_ShowChar
 .text.OLED_ShowString
                0x08001ee4      0x174 CMakeFiles/freertostest.elf.dir/oled/OLED.c.obj
                0x08001ee4                OLED_ShowString
 .text.memset   0x08002058       0x10 D:/STM32CubeCLT_1.16.0/GNU-tools-for-STM32/bin/../lib/gcc/arm-none-eabi/12.3.1/../../../../arm-none-eabi/lib/thumb/v7-m/nofp\libc.a(libc_a-memset.o)
                0x08002058                memset
 .text.__libc_init_array
                0x08002068       0x48 D:/STM32CubeCLT_1.16.0/GNU-tools-for-STM32/bin/../lib/gcc/arm-none-eabi/12.3.1/../../../../arm-none-eabi/lib/thumb/v7-m/nofp\libc.a(libc_a-init.o)
                0x08002068                __libc_init_array
 .text.__retarget_lock_acquire_recursive
                0x080020b0        0x2 D:/STM32CubeCLT_1.16.0/GNU-tools-for-STM32/bin/../lib/gcc/arm-none-eabi/12.3.1/../../../../arm-none-eabi/lib/thumb/v7-m/nofp\libc.a(libc_a-lock.o)
                0x080020b0                __retarget_lock_acquire_recursive
 .text.__retarget_lock_release_recursive
                0x080020b2        0x2 D:/STM32CubeCLT_1.16.0/GNU-tools-for-STM32/bin/../lib/gcc/arm-none-eabi/12.3.1/../../../../arm-none-eabi/lib/thumb/v7-m/nofp\libc.a(libc_a-lock.o)
                0x080020b2                __retarget_lock_release_recursive
 .text.startup.register_fini
                0x080020b4       0x14 D:/STM32CubeCLT_1.16.0/GNU-tools-for-STM32/bin/../lib/gcc/arm-none-eabi/12.3.1/../../../../arm-none-eabi/lib/thumb/v7-m/nofp\libc.a(libc_a-__call_atexit.o)
 .text.atexit   0x080020c8        0xc D:/STM32CubeCLT_1.16.0/GNU-tools-for-STM32/bin/../lib/gcc/arm-none-eabi/12.3.1/../../../../arm-none-eabi/lib/thumb/v7-m/nofp\libc.a(libc_a-atexit.o)
                0x080020c8                atexit
 .text.__libc_fini_array
                0x080020d4       0x28 D:/STM32CubeCLT_1.16.0/GNU-tools-for-STM32/bin/../lib/gcc/arm-none-eabi/12.3.1/../../../../arm-none-eabi/lib/thumb/v7-m/nofp\libc.a(libc_a-fini.o)
                0x080020d4                __libc_fini_array
 .text.__register_exitproc
                0x080020fc       0x80 D:/STM32CubeCLT_1.16.0/GNU-tools-for-STM32/bin/../lib/gcc/arm-none-eabi/12.3.1/../../../../arm-none-eabi/lib/thumb/v7-m/nofp\libc.a(libc_a-__atexit.o)
                0x080020fc                __register_exitproc
 *(.glue_7)
 .glue_7        0x0800217c        0x0 linker stubs
 *(.glue_7t)
 .glue_7t       0x0800217c        0x0 linker stubs
 *(.eh_frame)
 .eh_frame      0x0800217c        0x0 D:/STM32CubeCLT_1.16.0/GNU-tools-for-STM32/bin/../lib/gcc/arm-none-eabi/12.3.1/thumb/v7-m/nofp/crtbegin.o
 *(.init)
 .init          0x0800217c        0x4 D:/STM32CubeCLT_1.16.0/GNU-tools-for-STM32/bin/../lib/gcc/arm-none-eabi/12.3.1/thumb/v7-m/nofp/crti.o
                0x0800217c                _init
 .init          0x08002180        0x8 D:/STM32CubeCLT_1.16.0/GNU-tools-for-STM32/bin/../lib/gcc/arm-none-eabi/12.3.1/thumb/v7-m/nofp/crtn.o
 *(.fini)
 .fini          0x08002188        0x4 D:/STM32CubeCLT_1.16.0/GNU-tools-for-STM32/bin/../lib/gcc/arm-none-eabi/12.3.1/thumb/v7-m/nofp/crti.o
                0x08002188                _fini
 .fini          0x0800218c        0x8 D:/STM32CubeCLT_1.16.0/GNU-tools-for-STM32/bin/../lib/gcc/arm-none-eabi/12.3.1/thumb/v7-m/nofp/crtn.o
                0x08002194                        . = ALIGN (0x4)
                0x08002194                        _etext = .

.vfp11_veneer   0x08002194        0x0
 .vfp11_veneer  0x08002194        0x0 linker stubs

.v4_bx          0x08002194        0x0
 .v4_bx         0x08002194        0x0 linker stubs

.iplt           0x08002194        0x0
 .iplt          0x08002194        0x0 D:/STM32CubeCLT_1.16.0/GNU-tools-for-STM32/bin/../lib/gcc/arm-none-eabi/12.3.1/thumb/v7-m/nofp/crtbegin.o

.rodata         0x08002194      0x9d8
                0x08002194                        . = ALIGN (0x4)
 *(.rodata)
 .rodata        0x08002194       0x1c CMakeFiles/freertostest.elf.dir/Core/Src/freertos.c.obj
 *(.rodata*)
 .rodata.str1.4
                0x080021b0        0xc CMakeFiles/freertostest.elf.dir/Core/Src/freertos.c.obj
 .rodata.DisplayTask.str1.4
                0x080021bc       0x1e CMakeFiles/freertostest.elf.dir/Core/Src/main.c.obj
 *fill*         0x080021da        0x2 
 .rodata.main.str1.4
                0x080021dc        0xd CMakeFiles/freertostest.elf.dir/Core/Src/main.c.obj
 *fill*         0x080021e9        0x3 
 .rodata.AHBPrescTable
                0x080021ec       0x10 CMakeFiles/freertostest.elf.dir/Core/Src/system_stm32f1xx.c.obj
                0x080021ec                AHBPrescTable
 .rodata.aPredivFactorTable.0
                0x080021fc        0x2 CMakeFiles/freertostest.elf.dir/Drivers/STM32F1xx_HAL_Driver/Src/stm32f1xx_hal_rcc.c.obj
 *fill*         0x080021fe        0x2 
 .rodata.aPLLMULFactorTable.1
                0x08002200       0x10 CMakeFiles/freertostest.elf.dir/Drivers/STM32F1xx_HAL_Driver/Src/stm32f1xx_hal_rcc.c.obj
 .rodata.vTaskStartScheduler.str1.4
                0x08002210        0x5 CMakeFiles/freertostest.elf.dir/Middlewares/Third_Party/FreeRTOS/Source/tasks.c.obj
 *fill*         0x08002215        0x3 
 .rodata.OLED_CF16x16
                0x08002218      0x128 CMakeFiles/freertostest.elf.dir/oled/OLED_Data.c.obj
                0x08002218                OLED_CF16x16
 .rodata.OLED_F6x8
                0x08002340      0x23a CMakeFiles/freertostest.elf.dir/oled/OLED_Data.c.obj
                0x08002340                OLED_F6x8
 *fill*         0x0800257a        0x2 
 .rodata.OLED_F8x16
                0x0800257c      0x5f0 CMakeFiles/freertostest.elf.dir/oled/OLED_Data.c.obj
                0x0800257c                OLED_F8x16
                0x08002b6c                        . = ALIGN (0x4)

.ARM.extab      0x08002b6c        0x0
                0x08002b6c                        . = ALIGN (0x4)
 *(.ARM.extab* .gnu.linkonce.armextab.*)
                0x08002b6c                        . = ALIGN (0x4)

.ARM            0x08002b6c        0x8
                0x08002b6c                        . = ALIGN (0x4)
                0x08002b6c                        __exidx_start = .
 *(.ARM.exidx*)
 .ARM.exidx     0x08002b6c        0x8 D:/STM32CubeCLT_1.16.0/GNU-tools-for-STM32/bin/../lib/gcc/arm-none-eabi/12.3.1/../../../../arm-none-eabi/lib/thumb/v7-m/nofp\libc.a(libc_a-strcmp.o)
                0x08002b74                        __exidx_end = .
                0x08002b74                        . = ALIGN (0x4)

.preinit_array  0x08002b74        0x0
                0x08002b74                        . = ALIGN (0x4)
                0x08002b74                        PROVIDE (__preinit_array_start = .)
 *(.preinit_array*)
                0x08002b74                        PROVIDE (__preinit_array_end = .)
                0x08002b74                        . = ALIGN (0x4)

.init_array     0x08002b74        0x8
                0x08002b74                        . = ALIGN (0x4)
                0x08002b74                        PROVIDE (__init_array_start = .)
 *(SORT_BY_NAME(.init_array.*))
 .init_array.00000
                0x08002b74        0x4 D:/STM32CubeCLT_1.16.0/GNU-tools-for-STM32/bin/../lib/gcc/arm-none-eabi/12.3.1/../../../../arm-none-eabi/lib/thumb/v7-m/nofp\libc.a(libc_a-__call_atexit.o)
 *(.init_array*)
 .init_array    0x08002b78        0x4 D:/STM32CubeCLT_1.16.0/GNU-tools-for-STM32/bin/../lib/gcc/arm-none-eabi/12.3.1/thumb/v7-m/nofp/crtbegin.o
                0x08002b7c                        PROVIDE (__init_array_end = .)
                0x08002b7c                        . = ALIGN (0x4)

.fini_array     0x08002b7c        0x4
                0x08002b7c                        . = ALIGN (0x4)
                0x08002b7c                        PROVIDE (__fini_array_start = .)
 *(SORT_BY_NAME(.fini_array.*))
 *(.fini_array*)
 .fini_array    0x08002b7c        0x4 D:/STM32CubeCLT_1.16.0/GNU-tools-for-STM32/bin/../lib/gcc/arm-none-eabi/12.3.1/thumb/v7-m/nofp/crtbegin.o
                0x08002b80                        PROVIDE (__fini_array_end = .)
                0x08002b80                        . = ALIGN (0x4)
                0x08002b80                        _sidata = LOADADDR (.data)

.rel.dyn        0x08002b80        0x0
 .rel.iplt      0x08002b80        0x0 D:/STM32CubeCLT_1.16.0/GNU-tools-for-STM32/bin/../lib/gcc/arm-none-eabi/12.3.1/thumb/v7-m/nofp/crtbegin.o

.data           0x20000000       0x14 load address 0x08002b80
                0x20000000                        . = ALIGN (0x4)
                0x20000000                        _sdata = .
 *(.data)
 *(.data*)
 .data.SystemCoreClock
                0x20000000        0x4 CMakeFiles/freertostest.elf.dir/Core/Src/system_stm32f1xx.c.obj
                0x20000000                SystemCoreClock
 .data.uwTickFreq
                0x20000004        0x1 CMakeFiles/freertostest.elf.dir/Drivers/STM32F1xx_HAL_Driver/Src/stm32f1xx_hal.c.obj
                0x20000004                uwTickFreq
 *fill*         0x20000005        0x3 
 .data.uwTickPrio
                0x20000008        0x4 CMakeFiles/freertostest.elf.dir/Drivers/STM32F1xx_HAL_Driver/Src/stm32f1xx_hal.c.obj
                0x20000008                uwTickPrio
 .data.uxCriticalNesting
                0x2000000c        0x4 CMakeFiles/freertostest.elf.dir/Middlewares/Third_Party/FreeRTOS/Source/portable/GCC/ARM_CM3/port.c.obj
 .data.__atexit_recursive_mutex
                0x20000010        0x4 D:/STM32CubeCLT_1.16.0/GNU-tools-for-STM32/bin/../lib/gcc/arm-none-eabi/12.3.1/../../../../arm-none-eabi/lib/thumb/v7-m/nofp\libc.a(libc_a-__call_atexit.o)
                0x20000010                __atexit_recursive_mutex
 *(.RamFunc)
 *(.RamFunc*)
                0x20000014                        . = ALIGN (0x4)
                0x20000014                        _edata = .

.igot.plt       0x20000014        0x0 load address 0x08002b94
 .igot.plt      0x20000014        0x0 D:/STM32CubeCLT_1.16.0/GNU-tools-for-STM32/bin/../lib/gcc/arm-none-eabi/12.3.1/thumb/v7-m/nofp/crtbegin.o
                0x20000014                        . = ALIGN (0x4)

.bss            0x20000014     0x1564 load address 0x08002b94
                0x20000014                        _sbss = .
                0x20000014                        __bss_start__ = _sbss
 *(.bss)
 .bss           0x20000014       0x1c D:/STM32CubeCLT_1.16.0/GNU-tools-for-STM32/bin/../lib/gcc/arm-none-eabi/12.3.1/thumb/v7-m/nofp/crtbegin.o
 *(.bss*)
 .bss.xIdleStack
                0x20000030      0x200 CMakeFiles/freertostest.elf.dir/Core/Src/freertos.c.obj
 .bss.xIdleTaskTCBBuffer
                0x20000230       0x54 CMakeFiles/freertostest.elf.dir/Core/Src/freertos.c.obj
 .bss.defaultTaskHandle
                0x20000284        0x4 CMakeFiles/freertostest.elf.dir/Core/Src/freertos.c.obj
                0x20000284                defaultTaskHandle
 .bss.uwTick    0x20000288        0x4 CMakeFiles/freertostest.elf.dir/Drivers/STM32F1xx_HAL_Driver/Src/stm32f1xx_hal.c.obj
                0x20000288                uwTick
 .bss.ulMaxPRIGROUPValue
                0x2000028c        0x4 CMakeFiles/freertostest.elf.dir/Middlewares/Third_Party/FreeRTOS/Source/portable/GCC/ARM_CM3/port.c.obj
 .bss.ucMaxSysCallPriority
                0x20000290        0x1 CMakeFiles/freertostest.elf.dir/Middlewares/Third_Party/FreeRTOS/Source/portable/GCC/ARM_CM3/port.c.obj
 *fill*         0x20000291        0x3 
 .bss.xBlockAllocatedBit
                0x20000294        0x4 CMakeFiles/freertostest.elf.dir/Middlewares/Third_Party/FreeRTOS/Source/portable/MemMang/heap_4.c.obj
 .bss.xNumberOfSuccessfulFrees
                0x20000298        0x4 CMakeFiles/freertostest.elf.dir/Middlewares/Third_Party/FreeRTOS/Source/portable/MemMang/heap_4.c.obj
 .bss.xNumberOfSuccessfulAllocations
                0x2000029c        0x4 CMakeFiles/freertostest.elf.dir/Middlewares/Third_Party/FreeRTOS/Source/portable/MemMang/heap_4.c.obj
 .bss.xMinimumEverFreeBytesRemaining
                0x200002a0        0x4 CMakeFiles/freertostest.elf.dir/Middlewares/Third_Party/FreeRTOS/Source/portable/MemMang/heap_4.c.obj
 .bss.xFreeBytesRemaining
                0x200002a4        0x4 CMakeFiles/freertostest.elf.dir/Middlewares/Third_Party/FreeRTOS/Source/portable/MemMang/heap_4.c.obj
 .bss.pxEnd     0x200002a8        0x4 CMakeFiles/freertostest.elf.dir/Middlewares/Third_Party/FreeRTOS/Source/portable/MemMang/heap_4.c.obj
 .bss.xStart    0x200002ac        0x8 CMakeFiles/freertostest.elf.dir/Middlewares/Third_Party/FreeRTOS/Source/portable/MemMang/heap_4.c.obj
 .bss.ucHeap    0x200002b4      0xc00 CMakeFiles/freertostest.elf.dir/Middlewares/Third_Party/FreeRTOS/Source/portable/MemMang/heap_4.c.obj
 .bss.uxSchedulerSuspended
                0x20000eb4        0x4 CMakeFiles/freertostest.elf.dir/Middlewares/Third_Party/FreeRTOS/Source/tasks.c.obj
 .bss.xIdleTaskHandle
                0x20000eb8        0x4 CMakeFiles/freertostest.elf.dir/Middlewares/Third_Party/FreeRTOS/Source/tasks.c.obj
 .bss.xNextTaskUnblockTime
                0x20000ebc        0x4 CMakeFiles/freertostest.elf.dir/Middlewares/Third_Party/FreeRTOS/Source/tasks.c.obj
 .bss.uxTaskNumber
                0x20000ec0        0x4 CMakeFiles/freertostest.elf.dir/Middlewares/Third_Party/FreeRTOS/Source/tasks.c.obj
 .bss.xNumOfOverflows
                0x20000ec4        0x4 CMakeFiles/freertostest.elf.dir/Middlewares/Third_Party/FreeRTOS/Source/tasks.c.obj
 .bss.xYieldPending
                0x20000ec8        0x4 CMakeFiles/freertostest.elf.dir/Middlewares/Third_Party/FreeRTOS/Source/tasks.c.obj
 .bss.xPendedTicks
                0x20000ecc        0x4 CMakeFiles/freertostest.elf.dir/Middlewares/Third_Party/FreeRTOS/Source/tasks.c.obj
 .bss.xSchedulerRunning
                0x20000ed0        0x4 CMakeFiles/freertostest.elf.dir/Middlewares/Third_Party/FreeRTOS/Source/tasks.c.obj
 .bss.uxTopReadyPriority
                0x20000ed4        0x4 CMakeFiles/freertostest.elf.dir/Middlewares/Third_Party/FreeRTOS/Source/tasks.c.obj
 .bss.xTickCount
                0x20000ed8        0x4 CMakeFiles/freertostest.elf.dir/Middlewares/Third_Party/FreeRTOS/Source/tasks.c.obj
 .bss.uxCurrentNumberOfTasks
                0x20000edc        0x4 CMakeFiles/freertostest.elf.dir/Middlewares/Third_Party/FreeRTOS/Source/tasks.c.obj
 .bss.xSuspendedTaskList
                0x20000ee0       0x14 CMakeFiles/freertostest.elf.dir/Middlewares/Third_Party/FreeRTOS/Source/tasks.c.obj
 .bss.uxDeletedTasksWaitingCleanUp
                0x20000ef4        0x4 CMakeFiles/freertostest.elf.dir/Middlewares/Third_Party/FreeRTOS/Source/tasks.c.obj
 .bss.xTasksWaitingTermination
                0x20000ef8       0x14 CMakeFiles/freertostest.elf.dir/Middlewares/Third_Party/FreeRTOS/Source/tasks.c.obj
 .bss.xPendingReadyList
                0x20000f0c       0x14 CMakeFiles/freertostest.elf.dir/Middlewares/Third_Party/FreeRTOS/Source/tasks.c.obj
 .bss.pxOverflowDelayedTaskList
                0x20000f20        0x4 CMakeFiles/freertostest.elf.dir/Middlewares/Third_Party/FreeRTOS/Source/tasks.c.obj
 .bss.pxDelayedTaskList
                0x20000f24        0x4 CMakeFiles/freertostest.elf.dir/Middlewares/Third_Party/FreeRTOS/Source/tasks.c.obj
 .bss.xDelayedTaskList2
                0x20000f28       0x14 CMakeFiles/freertostest.elf.dir/Middlewares/Third_Party/FreeRTOS/Source/tasks.c.obj
 .bss.xDelayedTaskList1
                0x20000f3c       0x14 CMakeFiles/freertostest.elf.dir/Middlewares/Third_Party/FreeRTOS/Source/tasks.c.obj
 .bss.pxReadyTasksLists
                0x20000f50       0x8c CMakeFiles/freertostest.elf.dir/Middlewares/Third_Party/FreeRTOS/Source/tasks.c.obj
 .bss.pxCurrentTCB
                0x20000fdc        0x4 CMakeFiles/freertostest.elf.dir/Middlewares/Third_Party/FreeRTOS/Source/tasks.c.obj
                0x20000fdc                pxCurrentTCB
 .bss.OLED_DisplayBuf
                0x20000fe0      0x400 CMakeFiles/freertostest.elf.dir/oled/OLED.c.obj
                0x20000fe0                OLED_DisplayBuf
 .bss.__lock___atexit_recursive_mutex
                0x200013e0        0x1 D:/STM32CubeCLT_1.16.0/GNU-tools-for-STM32/bin/../lib/gcc/arm-none-eabi/12.3.1/../../../../arm-none-eabi/lib/thumb/v7-m/nofp\libc.a(libc_a-lock.o)
                0x200013e0                __lock___atexit_recursive_mutex
 *fill*         0x200013e1        0x3 
 .bss.__atexit  0x200013e4        0x4 D:/STM32CubeCLT_1.16.0/GNU-tools-for-STM32/bin/../lib/gcc/arm-none-eabi/12.3.1/../../../../arm-none-eabi/lib/thumb/v7-m/nofp\libc.a(libc_a-__call_atexit.o)
                0x200013e4                __atexit
 .bss.__atexit0
                0x200013e8      0x190 D:/STM32CubeCLT_1.16.0/GNU-tools-for-STM32/bin/../lib/gcc/arm-none-eabi/12.3.1/../../../../arm-none-eabi/lib/thumb/v7-m/nofp\libc.a(libc_a-__atexit.o)
                0x200013e8                __atexit0
 *(COMMON)
                0x20001578                        . = ALIGN (0x4)
                0x20001578                        _ebss = .
                0x20001578                        __bss_end__ = _ebss

._user_heap_stack
                0x20001578      0x600 load address 0x08002b94
                0x20001578                        . = ALIGN (0x8)
                [!provide]                        PROVIDE (end = .)
                0x20001578                        PROVIDE (_end = .)
                0x20001778                        . = (. + _Min_Heap_Size)
 *fill*         0x20001578      0x200 
                0x20001b78                        . = (. + _Min_Stack_Size)
 *fill*         0x20001778      0x400 
                0x20001b78                        . = ALIGN (0x8)

/DISCARD/
 libc.a(*)
 libm.a(*)
 libgcc.a(*)

.ARM.attributes
                0x00000000       0x29
 *(.ARM.attributes)
 .ARM.attributes
                0x00000000       0x1d D:/STM32CubeCLT_1.16.0/GNU-tools-for-STM32/bin/../lib/gcc/arm-none-eabi/12.3.1/thumb/v7-m/nofp/crti.o
 .ARM.attributes
                0x0000001d       0x2d D:/STM32CubeCLT_1.16.0/GNU-tools-for-STM32/bin/../lib/gcc/arm-none-eabi/12.3.1/thumb/v7-m/nofp/crtbegin.o
 .ARM.attributes
                0x0000004a       0x2d CMakeFiles/freertostest.elf.dir/Core/Src/freertos.c.obj
 .ARM.attributes
                0x00000077       0x2d CMakeFiles/freertostest.elf.dir/Core/Src/gpio.c.obj
 .ARM.attributes
                0x000000a4       0x2d CMakeFiles/freertostest.elf.dir/Core/Src/main.c.obj
 .ARM.attributes
                0x000000d1       0x2d CMakeFiles/freertostest.elf.dir/Core/Src/stm32f1xx_hal_msp.c.obj
 .ARM.attributes
                0x000000fe       0x2d CMakeFiles/freertostest.elf.dir/Core/Src/stm32f1xx_it.c.obj
 .ARM.attributes
                0x0000012b       0x2d CMakeFiles/freertostest.elf.dir/Core/Src/system_stm32f1xx.c.obj
 .ARM.attributes
                0x00000158       0x21 CMakeFiles/freertostest.elf.dir/Core/Startup/startup_stm32f103c8tx.s.obj
 .ARM.attributes
                0x00000179       0x2d CMakeFiles/freertostest.elf.dir/Drivers/STM32F1xx_HAL_Driver/Src/stm32f1xx_hal.c.obj
 .ARM.attributes
                0x000001a6       0x2d CMakeFiles/freertostest.elf.dir/Drivers/STM32F1xx_HAL_Driver/Src/stm32f1xx_hal_cortex.c.obj
 .ARM.attributes
                0x000001d3       0x2d CMakeFiles/freertostest.elf.dir/Drivers/STM32F1xx_HAL_Driver/Src/stm32f1xx_hal_gpio.c.obj
 .ARM.attributes
                0x00000200       0x2d CMakeFiles/freertostest.elf.dir/Drivers/STM32F1xx_HAL_Driver/Src/stm32f1xx_hal_rcc.c.obj
 .ARM.attributes
                0x0000022d       0x2d CMakeFiles/freertostest.elf.dir/Middlewares/Third_Party/FreeRTOS/Source/CMSIS_RTOS/cmsis_os.c.obj
 .ARM.attributes
                0x0000025a       0x2d CMakeFiles/freertostest.elf.dir/Middlewares/Third_Party/FreeRTOS/Source/list.c.obj
 .ARM.attributes
                0x00000287       0x2d CMakeFiles/freertostest.elf.dir/Middlewares/Third_Party/FreeRTOS/Source/portable/GCC/ARM_CM3/port.c.obj
 .ARM.attributes
                0x000002b4       0x2d CMakeFiles/freertostest.elf.dir/Middlewares/Third_Party/FreeRTOS/Source/portable/MemMang/heap_4.c.obj
 .ARM.attributes
                0x000002e1       0x2d CMakeFiles/freertostest.elf.dir/Middlewares/Third_Party/FreeRTOS/Source/tasks.c.obj
 .ARM.attributes
                0x0000030e       0x2d CMakeFiles/freertostest.elf.dir/oled/OLED.c.obj
 .ARM.attributes
                0x0000033b       0x2d CMakeFiles/freertostest.elf.dir/oled/OLED_Data.c.obj
 .ARM.attributes
                0x00000368       0x2d D:/STM32CubeCLT_1.16.0/GNU-tools-for-STM32/bin/../lib/gcc/arm-none-eabi/12.3.1/../../../../arm-none-eabi/lib/thumb/v7-m/nofp\libc.a(libc_a-memset.o)
 .ARM.attributes
                0x00000395       0x2d D:/STM32CubeCLT_1.16.0/GNU-tools-for-STM32/bin/../lib/gcc/arm-none-eabi/12.3.1/../../../../arm-none-eabi/lib/thumb/v7-m/nofp\libc.a(libc_a-init.o)
 .ARM.attributes
                0x000003c2       0x2d D:/STM32CubeCLT_1.16.0/GNU-tools-for-STM32/bin/../lib/gcc/arm-none-eabi/12.3.1/../../../../arm-none-eabi/lib/thumb/v7-m/nofp\libc.a(libc_a-lock.o)
 .ARM.attributes
                0x000003ef       0x1b D:/STM32CubeCLT_1.16.0/GNU-tools-for-STM32/bin/../lib/gcc/arm-none-eabi/12.3.1/../../../../arm-none-eabi/lib/thumb/v7-m/nofp\libc.a(libc_a-strcmp.o)
 .ARM.attributes
                0x0000040a       0x2d D:/STM32CubeCLT_1.16.0/GNU-tools-for-STM32/bin/../lib/gcc/arm-none-eabi/12.3.1/../../../../arm-none-eabi/lib/thumb/v7-m/nofp\libc.a(libc_a-__call_atexit.o)
 .ARM.attributes
                0x00000437       0x2d D:/STM32CubeCLT_1.16.0/GNU-tools-for-STM32/bin/../lib/gcc/arm-none-eabi/12.3.1/../../../../arm-none-eabi/lib/thumb/v7-m/nofp\libc.a(libc_a-atexit.o)
 .ARM.attributes
                0x00000464       0x2d D:/STM32CubeCLT_1.16.0/GNU-tools-for-STM32/bin/../lib/gcc/arm-none-eabi/12.3.1/../../../../arm-none-eabi/lib/thumb/v7-m/nofp\libc.a(libc_a-fini.o)
 .ARM.attributes
                0x00000491       0x2d D:/STM32CubeCLT_1.16.0/GNU-tools-for-STM32/bin/../lib/gcc/arm-none-eabi/12.3.1/../../../../arm-none-eabi/lib/thumb/v7-m/nofp\libc.a(libc_a-__atexit.o)
 .ARM.attributes
                0x000004be       0x1d D:/STM32CubeCLT_1.16.0/GNU-tools-for-STM32/bin/../lib/gcc/arm-none-eabi/12.3.1/thumb/v7-m/nofp/crtn.o
OUTPUT(freertostest.elf elf32-littlearm)
LOAD linker stubs
LOAD D:/STM32CubeCLT_1.16.0/GNU-tools-for-STM32/bin/../lib/gcc/arm-none-eabi/12.3.1/../../../../arm-none-eabi/lib/thumb/v7-m/nofp\libc.a
LOAD D:/STM32CubeCLT_1.16.0/GNU-tools-for-STM32/bin/../lib/gcc/arm-none-eabi/12.3.1/../../../../arm-none-eabi/lib/thumb/v7-m/nofp\libm.a
LOAD D:/STM32CubeCLT_1.16.0/GNU-tools-for-STM32/bin/../lib/gcc/arm-none-eabi/12.3.1/thumb/v7-m/nofp\libgcc.a

.debug_info     0x00000000     0xbed7
 .debug_info    0x00000000      0x4d7 CMakeFiles/freertostest.elf.dir/Core/Src/freertos.c.obj
 .debug_info    0x000004d7      0x2ee CMakeFiles/freertostest.elf.dir/Core/Src/gpio.c.obj
 .debug_info    0x000007c5      0x5de CMakeFiles/freertostest.elf.dir/Core/Src/main.c.obj
 .debug_info    0x00000da3      0x382 CMakeFiles/freertostest.elf.dir/Core/Src/stm32f1xx_hal_msp.c.obj
 .debug_info    0x00001125      0x137 CMakeFiles/freertostest.elf.dir/Core/Src/stm32f1xx_it.c.obj
 .debug_info    0x0000125c      0x22d CMakeFiles/freertostest.elf.dir/Core/Src/system_stm32f1xx.c.obj
 .debug_info    0x00001489       0x30 CMakeFiles/freertostest.elf.dir/Core/Startup/startup_stm32f103c8tx.s.obj
 .debug_info    0x000014b9      0x7a2 CMakeFiles/freertostest.elf.dir/Drivers/STM32F1xx_HAL_Driver/Src/stm32f1xx_hal.c.obj
 .debug_info    0x00001c5b      0xcad CMakeFiles/freertostest.elf.dir/Drivers/STM32F1xx_HAL_Driver/Src/stm32f1xx_hal_cortex.c.obj
 .debug_info    0x00002908      0x604 CMakeFiles/freertostest.elf.dir/Drivers/STM32F1xx_HAL_Driver/Src/stm32f1xx_hal_gpio.c.obj
 .debug_info    0x00002f0c      0x9c7 CMakeFiles/freertostest.elf.dir/Drivers/STM32F1xx_HAL_Driver/Src/stm32f1xx_hal_rcc.c.obj
 .debug_info    0x000038d3     0x23f2 CMakeFiles/freertostest.elf.dir/Middlewares/Third_Party/FreeRTOS/Source/CMSIS_RTOS/cmsis_os.c.obj
 .debug_info    0x00005cc5      0x2bf CMakeFiles/freertostest.elf.dir/Middlewares/Third_Party/FreeRTOS/Source/list.c.obj
 .debug_info    0x00005f84      0x505 CMakeFiles/freertostest.elf.dir/Middlewares/Third_Party/FreeRTOS/Source/portable/GCC/ARM_CM3/port.c.obj
 .debug_info    0x00006489      0x593 CMakeFiles/freertostest.elf.dir/Middlewares/Third_Party/FreeRTOS/Source/portable/MemMang/heap_4.c.obj
 .debug_info    0x00006a1c     0x286a CMakeFiles/freertostest.elf.dir/Middlewares/Third_Party/FreeRTOS/Source/tasks.c.obj
 .debug_info    0x00009286     0x29f5 CMakeFiles/freertostest.elf.dir/oled/OLED.c.obj
 .debug_info    0x0000bc7b      0x25c CMakeFiles/freertostest.elf.dir/oled/OLED_Data.c.obj

.debug_abbrev   0x00000000     0x238e
 .debug_abbrev  0x00000000      0x174 CMakeFiles/freertostest.elf.dir/Core/Src/freertos.c.obj
 .debug_abbrev  0x00000174      0x151 CMakeFiles/freertostest.elf.dir/Core/Src/gpio.c.obj
 .debug_abbrev  0x000002c5      0x1fb CMakeFiles/freertostest.elf.dir/Core/Src/main.c.obj
 .debug_abbrev  0x000004c0      0x137 CMakeFiles/freertostest.elf.dir/Core/Src/stm32f1xx_hal_msp.c.obj
 .debug_abbrev  0x000005f7       0xb3 CMakeFiles/freertostest.elf.dir/Core/Src/stm32f1xx_it.c.obj
 .debug_abbrev  0x000006aa      0x143 CMakeFiles/freertostest.elf.dir/Core/Src/system_stm32f1xx.c.obj
 .debug_abbrev  0x000007ed       0x24 CMakeFiles/freertostest.elf.dir/Core/Startup/startup_stm32f103c8tx.s.obj
 .debug_abbrev  0x00000811      0x22d CMakeFiles/freertostest.elf.dir/Drivers/STM32F1xx_HAL_Driver/Src/stm32f1xx_hal.c.obj
 .debug_abbrev  0x00000a3e      0x36d CMakeFiles/freertostest.elf.dir/Drivers/STM32F1xx_HAL_Driver/Src/stm32f1xx_hal_cortex.c.obj
 .debug_abbrev  0x00000dab      0x1f7 CMakeFiles/freertostest.elf.dir/Drivers/STM32F1xx_HAL_Driver/Src/stm32f1xx_hal_gpio.c.obj
 .debug_abbrev  0x00000fa2      0x2a0 CMakeFiles/freertostest.elf.dir/Drivers/STM32F1xx_HAL_Driver/Src/stm32f1xx_hal_rcc.c.obj
 .debug_abbrev  0x00001242      0x3e1 CMakeFiles/freertostest.elf.dir/Middlewares/Third_Party/FreeRTOS/Source/CMSIS_RTOS/cmsis_os.c.obj
 .debug_abbrev  0x00001623      0x10a CMakeFiles/freertostest.elf.dir/Middlewares/Third_Party/FreeRTOS/Source/list.c.obj
 .debug_abbrev  0x0000172d      0x2a4 CMakeFiles/freertostest.elf.dir/Middlewares/Third_Party/FreeRTOS/Source/portable/GCC/ARM_CM3/port.c.obj
 .debug_abbrev  0x000019d1      0x263 CMakeFiles/freertostest.elf.dir/Middlewares/Third_Party/FreeRTOS/Source/portable/MemMang/heap_4.c.obj
 .debug_abbrev  0x00001c34      0x38d CMakeFiles/freertostest.elf.dir/Middlewares/Third_Party/FreeRTOS/Source/tasks.c.obj
 .debug_abbrev  0x00001fc1      0x317 CMakeFiles/freertostest.elf.dir/oled/OLED.c.obj
 .debug_abbrev  0x000022d8       0xb6 CMakeFiles/freertostest.elf.dir/oled/OLED_Data.c.obj

.debug_loclists
                0x00000000     0x44eb
 .debug_loclists
                0x00000000       0x23 CMakeFiles/freertostest.elf.dir/Core/Src/freertos.c.obj
 .debug_loclists
                0x00000023       0x23 CMakeFiles/freertostest.elf.dir/Core/Src/main.c.obj
 .debug_loclists
                0x00000046       0x17 CMakeFiles/freertostest.elf.dir/Core/Src/stm32f1xx_hal_msp.c.obj
 .debug_loclists
                0x0000005d       0xa5 CMakeFiles/freertostest.elf.dir/Core/Src/system_stm32f1xx.c.obj
 .debug_loclists
                0x00000102       0xc9 CMakeFiles/freertostest.elf.dir/Drivers/STM32F1xx_HAL_Driver/Src/stm32f1xx_hal.c.obj
 .debug_loclists
                0x000001cb      0x422 CMakeFiles/freertostest.elf.dir/Drivers/STM32F1xx_HAL_Driver/Src/stm32f1xx_hal_cortex.c.obj
 .debug_loclists
                0x000005ed      0x2e8 CMakeFiles/freertostest.elf.dir/Drivers/STM32F1xx_HAL_Driver/Src/stm32f1xx_hal_gpio.c.obj
 .debug_loclists
                0x000008d5      0x3f8 CMakeFiles/freertostest.elf.dir/Drivers/STM32F1xx_HAL_Driver/Src/stm32f1xx_hal_rcc.c.obj
 .debug_loclists
                0x00000ccd      0xb4d CMakeFiles/freertostest.elf.dir/Middlewares/Third_Party/FreeRTOS/Source/CMSIS_RTOS/cmsis_os.c.obj
 .debug_loclists
                0x0000181a       0x6f CMakeFiles/freertostest.elf.dir/Middlewares/Third_Party/FreeRTOS/Source/list.c.obj
 .debug_loclists
                0x00001889       0x92 CMakeFiles/freertostest.elf.dir/Middlewares/Third_Party/FreeRTOS/Source/portable/GCC/ARM_CM3/port.c.obj
 .debug_loclists
                0x0000191b      0x2ab CMakeFiles/freertostest.elf.dir/Middlewares/Third_Party/FreeRTOS/Source/portable/MemMang/heap_4.c.obj
 .debug_loclists
                0x00001bc6     0x1158 CMakeFiles/freertostest.elf.dir/Middlewares/Third_Party/FreeRTOS/Source/tasks.c.obj
 .debug_loclists
                0x00002d1e     0x17cd CMakeFiles/freertostest.elf.dir/oled/OLED.c.obj

.debug_aranges  0x00000000      0x9c0
 .debug_aranges
                0x00000000       0x30 CMakeFiles/freertostest.elf.dir/Core/Src/freertos.c.obj
 .debug_aranges
                0x00000030       0x20 CMakeFiles/freertostest.elf.dir/Core/Src/gpio.c.obj
 .debug_aranges
                0x00000050       0x38 CMakeFiles/freertostest.elf.dir/Core/Src/main.c.obj
 .debug_aranges
                0x00000088       0x20 CMakeFiles/freertostest.elf.dir/Core/Src/stm32f1xx_hal_msp.c.obj
 .debug_aranges
                0x000000a8       0x50 CMakeFiles/freertostest.elf.dir/Core/Src/stm32f1xx_it.c.obj
 .debug_aranges
                0x000000f8       0x28 CMakeFiles/freertostest.elf.dir/Core/Src/system_stm32f1xx.c.obj
 .debug_aranges
                0x00000120       0x28 CMakeFiles/freertostest.elf.dir/Core/Startup/startup_stm32f103c8tx.s.obj
 .debug_aranges
                0x00000148       0xe0 CMakeFiles/freertostest.elf.dir/Drivers/STM32F1xx_HAL_Driver/Src/stm32f1xx_hal.c.obj
 .debug_aranges
                0x00000228       0xc0 CMakeFiles/freertostest.elf.dir/Drivers/STM32F1xx_HAL_Driver/Src/stm32f1xx_hal_cortex.c.obj
 .debug_aranges
                0x000002e8       0x58 CMakeFiles/freertostest.elf.dir/Drivers/STM32F1xx_HAL_Driver/Src/stm32f1xx_hal_gpio.c.obj
 .debug_aranges
                0x00000340       0x90 CMakeFiles/freertostest.elf.dir/Drivers/STM32F1xx_HAL_Driver/Src/stm32f1xx_hal_rcc.c.obj
 .debug_aranges
                0x000003d0      0x1d8 CMakeFiles/freertostest.elf.dir/Middlewares/Third_Party/FreeRTOS/Source/CMSIS_RTOS/cmsis_os.c.obj
 .debug_aranges
                0x000005a8       0x40 CMakeFiles/freertostest.elf.dir/Middlewares/Third_Party/FreeRTOS/Source/list.c.obj
 .debug_aranges
                0x000005e8       0x78 CMakeFiles/freertostest.elf.dir/Middlewares/Third_Party/FreeRTOS/Source/portable/GCC/ARM_CM3/port.c.obj
 .debug_aranges
                0x00000660       0x58 CMakeFiles/freertostest.elf.dir/Middlewares/Third_Party/FreeRTOS/Source/portable/MemMang/heap_4.c.obj
 .debug_aranges
                0x000006b8      0x1b8 CMakeFiles/freertostest.elf.dir/Middlewares/Third_Party/FreeRTOS/Source/tasks.c.obj
 .debug_aranges
                0x00000870      0x138 CMakeFiles/freertostest.elf.dir/oled/OLED.c.obj
 .debug_aranges
                0x000009a8       0x18 CMakeFiles/freertostest.elf.dir/oled/OLED_Data.c.obj

.debug_rnglists
                0x00000000      0x795
 .debug_rnglists
                0x00000000       0x1f CMakeFiles/freertostest.elf.dir/Core/Src/freertos.c.obj
 .debug_rnglists
                0x0000001f       0x13 CMakeFiles/freertostest.elf.dir/Core/Src/gpio.c.obj
 .debug_rnglists
                0x00000032       0x25 CMakeFiles/freertostest.elf.dir/Core/Src/main.c.obj
 .debug_rnglists
                0x00000057       0x13 CMakeFiles/freertostest.elf.dir/Core/Src/stm32f1xx_hal_msp.c.obj
 .debug_rnglists
                0x0000006a       0x37 CMakeFiles/freertostest.elf.dir/Core/Src/stm32f1xx_it.c.obj
 .debug_rnglists
                0x000000a1       0x1a CMakeFiles/freertostest.elf.dir/Core/Src/system_stm32f1xx.c.obj
 .debug_rnglists
                0x000000bb       0x19 CMakeFiles/freertostest.elf.dir/Core/Startup/startup_stm32f103c8tx.s.obj
 .debug_rnglists
                0x000000d4       0xa3 CMakeFiles/freertostest.elf.dir/Drivers/STM32F1xx_HAL_Driver/Src/stm32f1xx_hal.c.obj
 .debug_rnglists
                0x00000177       0x8b CMakeFiles/freertostest.elf.dir/Drivers/STM32F1xx_HAL_Driver/Src/stm32f1xx_hal_cortex.c.obj
 .debug_rnglists
                0x00000202       0x3f CMakeFiles/freertostest.elf.dir/Drivers/STM32F1xx_HAL_Driver/Src/stm32f1xx_hal_gpio.c.obj
 .debug_rnglists
                0x00000241       0x7d CMakeFiles/freertostest.elf.dir/Drivers/STM32F1xx_HAL_Driver/Src/stm32f1xx_hal_rcc.c.obj
 .debug_rnglists
                0x000002be      0x15f CMakeFiles/freertostest.elf.dir/Middlewares/Third_Party/FreeRTOS/Source/CMSIS_RTOS/cmsis_os.c.obj
 .debug_rnglists
                0x0000041d       0x2b CMakeFiles/freertostest.elf.dir/Middlewares/Third_Party/FreeRTOS/Source/list.c.obj
 .debug_rnglists
                0x00000448       0x56 CMakeFiles/freertostest.elf.dir/Middlewares/Third_Party/FreeRTOS/Source/portable/GCC/ARM_CM3/port.c.obj
 .debug_rnglists
                0x0000049e       0x3f CMakeFiles/freertostest.elf.dir/Middlewares/Third_Party/FreeRTOS/Source/portable/MemMang/heap_4.c.obj
 .debug_rnglists
                0x000004dd      0x1c7 CMakeFiles/freertostest.elf.dir/Middlewares/Third_Party/FreeRTOS/Source/tasks.c.obj
 .debug_rnglists
                0x000006a4       0xf1 CMakeFiles/freertostest.elf.dir/oled/OLED.c.obj

.debug_line     0x00000000     0x9b01
 .debug_line    0x00000000      0x334 CMakeFiles/freertostest.elf.dir/Core/Src/freertos.c.obj
 .debug_line    0x00000334      0x281 CMakeFiles/freertostest.elf.dir/Core/Src/gpio.c.obj
 .debug_line    0x000005b5      0x551 CMakeFiles/freertostest.elf.dir/Core/Src/main.c.obj
 .debug_line    0x00000b06      0x267 CMakeFiles/freertostest.elf.dir/Core/Src/stm32f1xx_hal_msp.c.obj
 .debug_line    0x00000d6d      0x2d6 CMakeFiles/freertostest.elf.dir/Core/Src/stm32f1xx_it.c.obj
 .debug_line    0x00001043      0x2cc CMakeFiles/freertostest.elf.dir/Core/Src/system_stm32f1xx.c.obj
 .debug_line    0x0000130f       0x78 CMakeFiles/freertostest.elf.dir/Core/Startup/startup_stm32f103c8tx.s.obj
 .debug_line    0x00001387      0x606 CMakeFiles/freertostest.elf.dir/Drivers/STM32F1xx_HAL_Driver/Src/stm32f1xx_hal.c.obj
 .debug_line    0x0000198d      0x780 CMakeFiles/freertostest.elf.dir/Drivers/STM32F1xx_HAL_Driver/Src/stm32f1xx_hal_cortex.c.obj
 .debug_line    0x0000210d      0x65a CMakeFiles/freertostest.elf.dir/Drivers/STM32F1xx_HAL_Driver/Src/stm32f1xx_hal_gpio.c.obj
 .debug_line    0x00002767      0xcc5 CMakeFiles/freertostest.elf.dir/Drivers/STM32F1xx_HAL_Driver/Src/stm32f1xx_hal_rcc.c.obj
 .debug_line    0x0000342c     0x1343 CMakeFiles/freertostest.elf.dir/Middlewares/Third_Party/FreeRTOS/Source/CMSIS_RTOS/cmsis_os.c.obj
 .debug_line    0x0000476f      0x423 CMakeFiles/freertostest.elf.dir/Middlewares/Third_Party/FreeRTOS/Source/list.c.obj
 .debug_line    0x00004b92      0x6a3 CMakeFiles/freertostest.elf.dir/Middlewares/Third_Party/FreeRTOS/Source/portable/GCC/ARM_CM3/port.c.obj
 .debug_line    0x00005235      0x7e2 CMakeFiles/freertostest.elf.dir/Middlewares/Third_Party/FreeRTOS/Source/portable/MemMang/heap_4.c.obj
 .debug_line    0x00005a17     0x2453 CMakeFiles/freertostest.elf.dir/Middlewares/Third_Party/FreeRTOS/Source/tasks.c.obj
 .debug_line    0x00007e6a     0x1b1f CMakeFiles/freertostest.elf.dir/oled/OLED.c.obj
 .debug_line    0x00009989      0x178 CMakeFiles/freertostest.elf.dir/oled/OLED_Data.c.obj

.debug_str      0x00000000     0x37ed
 .debug_str     0x00000000      0x55d CMakeFiles/freertostest.elf.dir/Core/Src/freertos.c.obj
                                0x5de (size before relaxing)
 .debug_str     0x0000055d      0x119 CMakeFiles/freertostest.elf.dir/Core/Src/gpio.c.obj
                                0x2d5 (size before relaxing)
 .debug_str     0x00000676      0x27d CMakeFiles/freertostest.elf.dir/Core/Src/main.c.obj
                                0x5a2 (size before relaxing)
 .debug_str     0x000008f3      0x374 CMakeFiles/freertostest.elf.dir/Core/Src/stm32f1xx_hal_msp.c.obj
                                0x55d (size before relaxing)
 .debug_str     0x00000c67       0xed CMakeFiles/freertostest.elf.dir/Core/Src/stm32f1xx_it.c.obj
                                0x28c (size before relaxing)
 .debug_str     0x00000d54       0xa4 CMakeFiles/freertostest.elf.dir/Core/Src/system_stm32f1xx.c.obj
                                0x29e (size before relaxing)
 .debug_str     0x00000df8       0x6a CMakeFiles/freertostest.elf.dir/Core/Startup/startup_stm32f103c8tx.s.obj
                                 0xb2 (size before relaxing)
 .debug_str     0x00000e62      0x322 CMakeFiles/freertostest.elf.dir/Drivers/STM32F1xx_HAL_Driver/Src/stm32f1xx_hal.c.obj
                                0x878 (size before relaxing)
 .debug_str     0x00001184      0x3d8 CMakeFiles/freertostest.elf.dir/Drivers/STM32F1xx_HAL_Driver/Src/stm32f1xx_hal_cortex.c.obj
                                0x91d (size before relaxing)
 .debug_str     0x0000155c      0x142 CMakeFiles/freertostest.elf.dir/Drivers/STM32F1xx_HAL_Driver/Src/stm32f1xx_hal_gpio.c.obj
                                0x44a (size before relaxing)
 .debug_str     0x0000169e      0x21a CMakeFiles/freertostest.elf.dir/Drivers/STM32F1xx_HAL_Driver/Src/stm32f1xx_hal_rcc.c.obj
                                0x675 (size before relaxing)
 .debug_str     0x000018b8      0xacc CMakeFiles/freertostest.elf.dir/Middlewares/Third_Party/FreeRTOS/Source/CMSIS_RTOS/cmsis_os.c.obj
                               0x10c6 (size before relaxing)
 .debug_str     0x00002384      0x15f CMakeFiles/freertostest.elf.dir/Middlewares/Third_Party/FreeRTOS/Source/list.c.obj
                                0x33f (size before relaxing)
 .debug_str     0x000024e3      0x236 CMakeFiles/freertostest.elf.dir/Middlewares/Third_Party/FreeRTOS/Source/portable/GCC/ARM_CM3/port.c.obj
                                0x4af (size before relaxing)
 .debug_str     0x00002719      0x2f1 CMakeFiles/freertostest.elf.dir/Middlewares/Third_Party/FreeRTOS/Source/portable/MemMang/heap_4.c.obj
                                0x558 (size before relaxing)
 .debug_str     0x00002a0a      0x91e CMakeFiles/freertostest.elf.dir/Middlewares/Third_Party/FreeRTOS/Source/tasks.c.obj
                               0x1058 (size before relaxing)
 .debug_str     0x00003328      0x476 CMakeFiles/freertostest.elf.dir/oled/OLED.c.obj
                                0x7b9 (size before relaxing)
 .debug_str     0x0000379e       0x4f CMakeFiles/freertostest.elf.dir/oled/OLED_Data.c.obj
                                0x224 (size before relaxing)

.comment        0x00000000       0x43
 .comment       0x00000000       0x43 CMakeFiles/freertostest.elf.dir/Core/Src/freertos.c.obj
                                 0x44 (size before relaxing)
 .comment       0x00000043       0x44 CMakeFiles/freertostest.elf.dir/Core/Src/gpio.c.obj
 .comment       0x00000043       0x44 CMakeFiles/freertostest.elf.dir/Core/Src/main.c.obj
 .comment       0x00000043       0x44 CMakeFiles/freertostest.elf.dir/Core/Src/stm32f1xx_hal_msp.c.obj
 .comment       0x00000043       0x44 CMakeFiles/freertostest.elf.dir/Core/Src/stm32f1xx_it.c.obj
 .comment       0x00000043       0x44 CMakeFiles/freertostest.elf.dir/Core/Src/system_stm32f1xx.c.obj
 .comment       0x00000043       0x44 CMakeFiles/freertostest.elf.dir/Drivers/STM32F1xx_HAL_Driver/Src/stm32f1xx_hal.c.obj
 .comment       0x00000043       0x44 CMakeFiles/freertostest.elf.dir/Drivers/STM32F1xx_HAL_Driver/Src/stm32f1xx_hal_cortex.c.obj
 .comment       0x00000043       0x44 CMakeFiles/freertostest.elf.dir/Drivers/STM32F1xx_HAL_Driver/Src/stm32f1xx_hal_gpio.c.obj
 .comment       0x00000043       0x44 CMakeFiles/freertostest.elf.dir/Drivers/STM32F1xx_HAL_Driver/Src/stm32f1xx_hal_rcc.c.obj
 .comment       0x00000043       0x44 CMakeFiles/freertostest.elf.dir/Middlewares/Third_Party/FreeRTOS/Source/CMSIS_RTOS/cmsis_os.c.obj
 .comment       0x00000043       0x44 CMakeFiles/freertostest.elf.dir/Middlewares/Third_Party/FreeRTOS/Source/list.c.obj
 .comment       0x00000043       0x44 CMakeFiles/freertostest.elf.dir/Middlewares/Third_Party/FreeRTOS/Source/portable/GCC/ARM_CM3/port.c.obj
 .comment       0x00000043       0x44 CMakeFiles/freertostest.elf.dir/Middlewares/Third_Party/FreeRTOS/Source/portable/MemMang/heap_4.c.obj
 .comment       0x00000043       0x44 CMakeFiles/freertostest.elf.dir/Middlewares/Third_Party/FreeRTOS/Source/tasks.c.obj
 .comment       0x00000043       0x44 CMakeFiles/freertostest.elf.dir/oled/OLED.c.obj
 .comment       0x00000043       0x44 CMakeFiles/freertostest.elf.dir/oled/OLED_Data.c.obj

.debug_frame    0x00000000     0x1b90
 .debug_frame   0x00000000       0x58 CMakeFiles/freertostest.elf.dir/Core/Src/freertos.c.obj
 .debug_frame   0x00000058       0x30 CMakeFiles/freertostest.elf.dir/Core/Src/gpio.c.obj
 .debug_frame   0x00000088       0x70 CMakeFiles/freertostest.elf.dir/Core/Src/main.c.obj
 .debug_frame   0x000000f8       0x2c CMakeFiles/freertostest.elf.dir/Core/Src/stm32f1xx_hal_msp.c.obj
 .debug_frame   0x00000124       0x88 CMakeFiles/freertostest.elf.dir/Core/Src/stm32f1xx_it.c.obj
 .debug_frame   0x000001ac       0x30 CMakeFiles/freertostest.elf.dir/Core/Src/system_stm32f1xx.c.obj
 .debug_frame   0x000001dc      0x1cc CMakeFiles/freertostest.elf.dir/Drivers/STM32F1xx_HAL_Driver/Src/stm32f1xx_hal.c.obj
 .debug_frame   0x000003a8      0x19c CMakeFiles/freertostest.elf.dir/Drivers/STM32F1xx_HAL_Driver/Src/stm32f1xx_hal_cortex.c.obj
 .debug_frame   0x00000544       0xe4 CMakeFiles/freertostest.elf.dir/Drivers/STM32F1xx_HAL_Driver/Src/stm32f1xx_hal_gpio.c.obj
 .debug_frame   0x00000628      0x184 CMakeFiles/freertostest.elf.dir/Drivers/STM32F1xx_HAL_Driver/Src/stm32f1xx_hal_rcc.c.obj
 .debug_frame   0x000007ac      0x58c CMakeFiles/freertostest.elf.dir/Middlewares/Third_Party/FreeRTOS/Source/CMSIS_RTOS/cmsis_os.c.obj
 .debug_frame   0x00000d38       0x70 CMakeFiles/freertostest.elf.dir/Middlewares/Third_Party/FreeRTOS/Source/list.c.obj
 .debug_frame   0x00000da8       0xf0 CMakeFiles/freertostest.elf.dir/Middlewares/Third_Party/FreeRTOS/Source/portable/GCC/ARM_CM3/port.c.obj
 .debug_frame   0x00000e98       0xd0 CMakeFiles/freertostest.elf.dir/Middlewares/Third_Party/FreeRTOS/Source/portable/MemMang/heap_4.c.obj
 .debug_frame   0x00000f68      0x598 CMakeFiles/freertostest.elf.dir/Middlewares/Third_Party/FreeRTOS/Source/tasks.c.obj
 .debug_frame   0x00001500      0x490 CMakeFiles/freertostest.elf.dir/oled/OLED.c.obj
 .debug_frame   0x00001990       0x20 D:/STM32CubeCLT_1.16.0/GNU-tools-for-STM32/bin/../lib/gcc/arm-none-eabi/12.3.1/../../../../arm-none-eabi/lib/thumb/v7-m/nofp\libc.a(libc_a-memset.o)
 .debug_frame   0x000019b0       0x2c D:/STM32CubeCLT_1.16.0/GNU-tools-for-STM32/bin/../lib/gcc/arm-none-eabi/12.3.1/../../../../arm-none-eabi/lib/thumb/v7-m/nofp\libc.a(libc_a-init.o)
 .debug_frame   0x000019dc       0xb0 D:/STM32CubeCLT_1.16.0/GNU-tools-for-STM32/bin/../lib/gcc/arm-none-eabi/12.3.1/../../../../arm-none-eabi/lib/thumb/v7-m/nofp\libc.a(libc_a-lock.o)
 .debug_frame   0x00001a8c       0x20 D:/STM32CubeCLT_1.16.0/GNU-tools-for-STM32/bin/../lib/gcc/arm-none-eabi/12.3.1/../../../../arm-none-eabi/lib/thumb/v7-m/nofp\libc.a(libc_a-strcmp.o)
 .debug_frame   0x00001aac       0x58 D:/STM32CubeCLT_1.16.0/GNU-tools-for-STM32/bin/../lib/gcc/arm-none-eabi/12.3.1/../../../../arm-none-eabi/lib/thumb/v7-m/nofp\libc.a(libc_a-__call_atexit.o)
 .debug_frame   0x00001b04       0x20 D:/STM32CubeCLT_1.16.0/GNU-tools-for-STM32/bin/../lib/gcc/arm-none-eabi/12.3.1/../../../../arm-none-eabi/lib/thumb/v7-m/nofp\libc.a(libc_a-atexit.o)
 .debug_frame   0x00001b24       0x38 D:/STM32CubeCLT_1.16.0/GNU-tools-for-STM32/bin/../lib/gcc/arm-none-eabi/12.3.1/../../../../arm-none-eabi/lib/thumb/v7-m/nofp\libc.a(libc_a-fini.o)
 .debug_frame   0x00001b5c       0x34 D:/STM32CubeCLT_1.16.0/GNU-tools-for-STM32/bin/../lib/gcc/arm-none-eabi/12.3.1/../../../../arm-none-eabi/lib/thumb/v7-m/nofp\libc.a(libc_a-__atexit.o)

.debug_line_str
                0x00000000       0x96
 .debug_line_str
                0x00000000       0x96 CMakeFiles/freertostest.elf.dir/Core/Startup/startup_stm32f103c8tx.s.obj
